// Jest Snapshot v1, https://goo.gl/fbAQLP

exports[`Card should render card component and match snapshot 1`] = `
<div
  class="card-vertical"
>
  Hello World
</div>
`;
